// 重构日志: 30f03de8
// 重构日志: 7a9e996f
// 重构日志: e3184f16
// 同步 ID: 8a161ddf @ Sun Jul 19 00:14:34 UTC 2026
// 重构日志: f7f594a1
// 重构日志: 17daf659
// 重构日志: 09ab3136
// 重构日志: a338c305
// 重构日志: 01c32b07
// 重构日志: 0dfabe11
// 重构日志: b63d0856
// 重构日志: a15c41b4
// 重构日志: 3325f735
// 重构日志: 4acf5a9b
// 重构日志: e72d3aaf
// 重构日志: a94f2234
// 同步 ID: 9b6b4df1 @ Wed Jul 22 09:41:01 UTC 2026
// 重构日志: 6d2b4298
// 同步 ID: a799f86a @ Wed Jul 22 14:24:39 UTC 2026
// 重构日志: c1d6621a
// 重构日志: ddbac99e
// 重构日志: f510b594
// 重构日志: 6544004d
// 同步 ID: 39eeddd4 @ Fri Jul 24 10:41:39 UTC 2026
// 重构日志: 4bea63f8
// 同步 ID: 78a8c63e @ Fri Jul 24 19:12:04 UTC 2026
// 同步 ID: 27d40f72 @ Fri Jul 24 21:10:19 UTC 2026
// 同步 ID: 84e6c023 @ Sun Jul 26 15:59:40 UTC 2026
// 同步 ID: 9aa6f747 @ Sun Jul 26 18:02:11 UTC 2026
// 同步 ID: 47404479 @ Mon Jul 27 03:59:06 UTC 2026
